// Jest Snapshot v1, https://goo.gl/fbAQLP

exports[`#Components #Dashboard #MealCard should render. 1`] = `
<Link
  className="mealCard row p-lg-4 p-2 mb-2"
  replace={false}
  to="/meals/1"
>
  <div
    className="col-12 col-md-4"
  >
    <h2>
      Delicious Meal
    </h2>
    <React.Fragment>
      <h4
        className="d-inline"
      >
        Last Used: 
      </h4>
      <span
        className="lastUsed"
      >
        May 12, 2018
      </span>
    </React.Fragment>
  </div>
  <div
    className="col-12 col-md-4 d-flex flex-column"
  >
    <div>
      <h4
        className="d-inline"
      >
        Taste: 
      </h4>
      <span
        className="taste d-inline"
      >
        5
      </span>
    </div>
    <div>
      <h4
        className="d-inline"
      >
        Difficulty: 
      </h4>
      <span
        className="difficulty d-inline"
      >
        3
      </span>
    </div>
  </div>
  <Connect(MediaQueryWrapper)
    className="col-md-4"
  >
    <button
      className="btn btn-primary useMealButton"
      onClick={[Function]}
      type="button"
    >
      Use it!
    </button>
    <h4
      className="usedCount"
    >
      Used 
      3
       
      times
    </h4>
  </Connect(MediaQueryWrapper)>
  <Connect(MediaQueryWrapper)
    className="col-12"
  >
    <h4
      className="usedCount"
    >
      Used 
      3
       
      times
    </h4>
  </Connect(MediaQueryWrapper)>
  <Connect(MediaQueryWrapper)
    className="col-12"
  >
    <button
      className="btn btn-primary btn-sm btn-block useMealButton"
      onClick={[Function]}
      type="button"
    >
      Use it!
    </button>
  </Connect(MediaQueryWrapper)>
</Link>
`;
